exports[`Testing Book Component render correctly 1`] = `
ShallowWrapper {
  "length": 1,
  Symbol(enzyme.__root__): [Circular],
  Symbol(enzyme.__unrendered__): <Book
    book={
        Object {
            "authors": Array [
              "Authors One",
            ],
            "id": 1,
            "imageLinks": Object {
              "thumbnail": "url/book/one",
            },
            "shelf": "read",
            "title": "Book One",
          }
    }
    onUpdateBook={[Function]} />,
  Symbol(enzyme.__renderer__): Object {
    "batchedUpdates": [Function],
    "getNode": [Function],
    "render": [Function],
    "simulateEvent": [Function],
    "unmount": [Function],
  },
  Symbol(enzyme.__node__): Object {
    "instance": null,
    "key": undefined,
    "nodeType": "host",
    "props": Object {
      "children": <div
        className="book">
        <div
                className="book-top">
                <div
                        className="book-cover"
                        style={
                                Object {
                                        "backgroundImage": "url(url/book/one)",
                                        "height": 193,
                                        "width": 128,
                                      }
                        } />
                <BookShelfChanger
                        book={
                                Object {
                                        "authors": Array [
                                          "Authors One",
                                        ],
                                        "id": 1,
                                        "imageLinks": Object {
                                          "thumbnail": "url/book/one",
                                        },
                                        "shelf": "read",
                                        "title": "Book One",
                                      }
                        }
                        onUpdateBook={[Function]} />
        </div>
        <div
                className="book-title">
                Book One
        </div>
        <div
                className="book-authors">
                Authors One
        </div>
</div>,
    },
    "ref": null,
    "rendered": Object {
      "instance": null,
      "key": undefined,
      "nodeType": "host",
      "props": Object {
        "children": Array [
          <div
            className="book-top">
            <div
                        className="book-cover"
                        style={
                                    Object {
                                                "backgroundImage": "url(url/book/one)",
                                                "height": 193,
                                                "width": 128,
                                              }
                        } />
            <BookShelfChanger
                        book={
                                    Object {
                                                "authors": Array [
                                                  "Authors One",
                                                ],
                                                "id": 1,
                                                "imageLinks": Object {
                                                  "thumbnail": "url/book/one",
                                                },
                                                "shelf": "read",
                                                "title": "Book One",
                                              }
                        }
                        onUpdateBook={[Function]} />
</div>,
          <div
            className="book-title">
            Book One
</div>,
          <div
            className="book-authors">
            Authors One
</div>,
        ],
        "className": "book",
      },
      "ref": null,
      "rendered": Array [
        Object {
          "instance": null,
          "key": undefined,
          "nodeType": "host",
          "props": Object {
            "children": Array [
              <div
                className="book-cover"
                style={
                                Object {
                                                "backgroundImage": "url(url/book/one)",
                                                "height": 193,
                                                "width": 128,
                                              }
                } />,
              <BookShelfChanger
                book={
                                Object {
                                                "authors": Array [
                                                  "Authors One",
                                                ],
                                                "id": 1,
                                                "imageLinks": Object {
                                                  "thumbnail": "url/book/one",
                                                },
                                                "shelf": "read",
                                                "title": "Book One",
                                              }
                }
                onUpdateBook={[Function]} />,
            ],
            "className": "book-top",
          },
          "ref": null,
          "rendered": Array [
            Object {
              "instance": null,
              "key": undefined,
              "nodeType": "host",
              "props": Object {
                "className": "book-cover",
                "style": Object {
                  "backgroundImage": "url(url/book/one)",
                  "height": 193,
                  "width": 128,
                },
              },
              "ref": null,
              "rendered": null,
              "type": "div",
            },
            Object {
              "instance": null,
              "key": undefined,
              "nodeType": "function",
              "props": Object {
                "book": Object {
                  "authors": Array [
                    "Authors One",
                  ],
                  "id": 1,
                  "imageLinks": Object {
                    "thumbnail": "url/book/one",
                  },
                  "shelf": "read",
                  "title": "Book One",
                },
                "onUpdateBook": [Function],
              },
              "ref": null,
              "rendered": null,
              "type": [Function],
            },
          ],
          "type": "div",
        },
        Object {
          "instance": null,
          "key": undefined,
          "nodeType": "host",
          "props": Object {
            "children": "Book One",
            "className": "book-title",
          },
          "ref": null,
          "rendered": "Book One",
          "type": "div",
        },
        Object {
          "instance": null,
          "key": undefined,
          "nodeType": "host",
          "props": Object {
            "children": Array [
              "Authors One",
            ],
            "className": "book-authors",
          },
          "ref": null,
          "rendered": Array [
            "Authors One",
          ],
          "type": "div",
        },
      ],
      "type": "div",
    },
    "type": "li",
  },
  Symbol(enzyme.__nodes__): Array [
    Object {
      "instance": null,
      "key": undefined,
      "nodeType": "host",
      "props": Object {
        "children": <div
          className="book">
          <div
                    className="book-top">
                    <div
                              className="book-cover"
                              style={
                                        Object {
                                                  "backgroundImage": "url(url/book/one)",
                                                  "height": 193,
                                                  "width": 128,
                                                }
                              } />
                    <BookShelfChanger
                              book={
                                        Object {
                                                  "authors": Array [
                                                    "Authors One",
                                                  ],
                                                  "id": 1,
                                                  "imageLinks": Object {
                                                    "thumbnail": "url/book/one",
                                                  },
                                                  "shelf": "read",
                                                  "title": "Book One",
                                                }
                              }
                              onUpdateBook={[Function]} />
          </div>
          <div
                    className="book-title">
                    Book One
          </div>
          <div
                    className="book-authors">
                    Authors One
          </div>
</div>,
      },
      "ref": null,
      "rendered": Object {
        "instance": null,
        "key": undefined,
        "nodeType": "host",
        "props": Object {
          "children": Array [
            <div
              className="book-top">
              <div
                            className="book-cover"
                            style={
                                          Object {
                                                        "backgroundImage": "url(url/book/one)",
                                                        "height": 193,
                                                        "width": 128,
                                                      }
                            } />
              <BookShelfChanger
                            book={
                                          Object {
                                                        "authors": Array [
                                                          "Authors One",
                                                        ],
                                                        "id": 1,
                                                        "imageLinks": Object {
                                                          "thumbnail": "url/book/one",
                                                        },
                                                        "shelf": "read",
                                                        "title": "Book One",
                                                      }
                            }
                            onUpdateBook={[Function]} />
</div>,
            <div
              className="book-title">
              Book One
</div>,
            <div
              className="book-authors">
              Authors One
</div>,
          ],
          "className": "book",
        },
        "ref": null,
        "rendered": Array [
          Object {
            "instance": null,
            "key": undefined,
            "nodeType": "host",
            "props": Object {
              "children": Array [
                <div
                  className="book-cover"
                  style={
                                    Object {
                                                      "backgroundImage": "url(url/book/one)",
                                                      "height": 193,
                                                      "width": 128,
                                                    }
                  } />,
                <BookShelfChanger
                  book={
                                    Object {
                                                      "authors": Array [
                                                        "Authors One",
                                                      ],
                                                      "id": 1,
                                                      "imageLinks": Object {
                                                        "thumbnail": "url/book/one",
                                                      },
                                                      "shelf": "read",
                                                      "title": "Book One",
                                                    }
                  }
                  onUpdateBook={[Function]} />,
              ],
              "className": "book-top",
            },
            "ref": null,
            "rendered": Array [
              Object {
                "instance": null,
                "key": undefined,
                "nodeType": "host",
                "props": Object {
                  "className": "book-cover",
                  "style": Object {
                    "backgroundImage": "url(url/book/one)",
                    "height": 193,
                    "width": 128,
                  },
                },
                "ref": null,
                "rendered": null,
                "type": "div",
              },
              Object {
                "instance": null,
                "key": undefined,
                "nodeType": "function",
                "props": Object {
                  "book": Object {
                    "authors": Array [
                      "Authors One",
                    ],
                    "id": 1,
                    "imageLinks": Object {
                      "thumbnail": "url/book/one",
                    },
                    "shelf": "read",
                    "title": "Book One",
                  },
                  "onUpdateBook": [Function],
                },
                "ref": null,
                "rendered": null,
                "type": [Function],
              },
            ],
            "type": "div",
          },
          Object {
            "instance": null,
            "key": undefined,
            "nodeType": "host",
            "props": Object {
              "children": "Book One",
              "className": "book-title",
            },
            "ref": null,
            "rendered": "Book One",
            "type": "div",
          },
          Object {
            "instance": null,
            "key": undefined,
            "nodeType": "host",
            "props": Object {
              "children": Array [
                "Authors One",
              ],
              "className": "book-authors",
            },
            "ref": null,
            "rendered": Array [
              "Authors One",
            ],
            "type": "div",
          },
        ],
        "type": "div",
      },
      "type": "li",
    },
  ],
  Symbol(enzyme.__options__): Object {
    "adapter": ReactFifteenAdapter {
      "options": Object {
        "supportPrevContextArgumentOfComponentDidUpdate": true,
      },
    },
  },
}
`;
